<?xml version="1.0" encoding="UTF-8"?>
<testsuites name="jest tests" tests="6" failures="4" errors="0" time="4.552">
  <testsuite name="Reservation Form" errors="0" failures="4" skipped="0" timestamp="2025-10-01T19:47:22" time="3.549" tests="6">
    <testcase classname="Reservation Form blocks past dates" name="Reservation Form blocks past dates" time="0.154">
      <failure>TestingLibraryElementError: Unable to find an accessible element with the role &quot;form&quot;

Here are the accessible roles:

  heading:

  Name &quot;Reserve a Table&quot;:
  &lt;h1
    class=&quot;text-3xl font-bold text-center mb-6&quot;
  /&gt;

  --------------------------------------------------
  combobox:

  Name &quot;Time:&quot;:
  &lt;select
    class=&quot;border p-2 w-full mt-1&quot;
    name=&quot;time&quot;
  /&gt;

  --------------------------------------------------
  option:

  Name &quot;Select a time&quot;:
  &lt;option
    disabled=&quot;&quot;
    value=&quot;&quot;
  /&gt;

  Name &quot;12:00&quot;:
  &lt;option
    value=&quot;12:00&quot;
  /&gt;

  Name &quot;12:30&quot;:
  &lt;option
    value=&quot;12:30&quot;
  /&gt;

  Name &quot;13:00&quot;:
  &lt;option
    value=&quot;13:00&quot;
  /&gt;

  Name &quot;13:30&quot;:
  &lt;option
    value=&quot;13:30&quot;
  /&gt;

  Name &quot;14:00&quot;:
  &lt;option
    value=&quot;14:00&quot;
  /&gt;

  Name &quot;14:30&quot;:
  &lt;option
    value=&quot;14:30&quot;
  /&gt;

  Name &quot;15:00&quot;:
  &lt;option
    value=&quot;15:00&quot;
  /&gt;

  Name &quot;15:30&quot;:
  &lt;option
    value=&quot;15:30&quot;
  /&gt;

  Name &quot;16:00&quot;:
  &lt;option
    value=&quot;16:00&quot;
  /&gt;

  Name &quot;16:30&quot;:
  &lt;option
    value=&quot;16:30&quot;
  /&gt;

  Name &quot;17:00&quot;:
  &lt;option
    value=&quot;17:00&quot;
  /&gt;

  Name &quot;17:30&quot;:
  &lt;option
    value=&quot;17:30&quot;
  /&gt;

  Name &quot;18:00&quot;:
  &lt;option
    value=&quot;18:00&quot;
  /&gt;

  Name &quot;18:30&quot;:
  &lt;option
    value=&quot;18:30&quot;
  /&gt;

  Name &quot;19:00&quot;:
  &lt;option
    value=&quot;19:00&quot;
  /&gt;

  Name &quot;19:30&quot;:
  &lt;option
    value=&quot;19:30&quot;
  /&gt;

  Name &quot;20:00&quot;:
  &lt;option
    value=&quot;20:00&quot;
  /&gt;

  Name &quot;20:30&quot;:
  &lt;option
    value=&quot;20:30&quot;
  /&gt;

  Name &quot;21:00&quot;:
  &lt;option
    value=&quot;21:00&quot;
  /&gt;

  Name &quot;21:30&quot;:
  &lt;option
    value=&quot;21:30&quot;
  /&gt;

  Name &quot;22:00&quot;:
  &lt;option
    value=&quot;22:00&quot;
  /&gt;

  --------------------------------------------------
  spinbutton:

  Name &quot;Number of persons:&quot;:
  &lt;input
    class=&quot;border p-2 w-full mt-1&quot;
    max=&quot;12&quot;
    min=&quot;1&quot;
    name=&quot;people&quot;
    type=&quot;number&quot;
    value=&quot;1&quot;
  /&gt;

  --------------------------------------------------
  button:

  Name &quot;Reserve&quot;:
  &lt;button
    class=&quot;bg-primary-600 text-white p-2 rounded-md hover:bg-primary-700 transition&quot;
    type=&quot;submit&quot;
  /&gt;

  --------------------------------------------------

Ignored nodes: comments, script, style
&lt;body&gt;
  &lt;div&gt;
    &lt;section
      class=&quot;py-16 bg-gray-50 max-w-md mx-auto&quot;
    &gt;
      &lt;h1
        class=&quot;text-3xl font-bold text-center mb-6&quot;
      &gt;
        Reserve a Table
      &lt;/h1&gt;
      &lt;form
        class=&quot;flex flex-col gap-4&quot;
      &gt;
        &lt;label
          class=&quot;flex flex-col&quot;
        &gt;
          &lt;span&gt;
            Date:
          &lt;/span&gt;
          &lt;input
            class=&quot;border p-2 w-full mt-1&quot;
            min=&quot;2025-10-01&quot;
            name=&quot;date&quot;
            type=&quot;date&quot;
            value=&quot;2025-09-30&quot;
          /&gt;
        &lt;/label&gt;
        &lt;label
          class=&quot;flex flex-col&quot;
        &gt;
          &lt;span&gt;
            Time:
          &lt;/span&gt;
          &lt;select
            class=&quot;border p-2 w-full mt-1&quot;
            name=&quot;time&quot;
          &gt;
            &lt;option
              disabled=&quot;&quot;
              value=&quot;&quot;
            &gt;
              Select a time
            &lt;/option&gt;
            &lt;option
              value=&quot;12:00&quot;
            &gt;
              12:00
            &lt;/option&gt;
            &lt;option
              value=&quot;12:30&quot;
            &gt;
              12:30
            &lt;/option&gt;
            &lt;option
              value=&quot;13:00&quot;
            &gt;
              13:00
            &lt;/option&gt;
            &lt;option
              value=&quot;13:30&quot;
            &gt;
              13:30
            &lt;/option&gt;
            &lt;option
              value=&quot;14:00&quot;
            &gt;
              14:00
            &lt;/option&gt;
            &lt;option
              value=&quot;14:30&quot;
            &gt;
              14:30
            &lt;/option&gt;
            &lt;option
              value=&quot;15:00&quot;
            &gt;
              15:00
            &lt;/option&gt;
            &lt;option
              value=&quot;15:30&quot;
            &gt;
              15:30
            &lt;/option&gt;
            &lt;option
              value=&quot;16:00&quot;
            &gt;
              16:00
            &lt;/option&gt;
            &lt;option
              value=&quot;16:30&quot;
            &gt;
              16:30
            &lt;/option&gt;
            &lt;option
              value=&quot;17:00&quot;
            &gt;
              17:00
            &lt;/option&gt;
            &lt;option
              value=&quot;17:30&quot;
            &gt;
              17:30
            &lt;/option&gt;
            &lt;option
              value=&quot;18:00&quot;
            &gt;
              18:00
            &lt;/option&gt;
            &lt;option
              value=&quot;18:30&quot;
            &gt;
              18:30
            &lt;/option&gt;
            &lt;option
              value=&quot;19:00&quot;
            &gt;
              19:00
            &lt;/option&gt;
            &lt;option
              value=&quot;19:30&quot;
            &gt;
              19:30
            &lt;/option&gt;
            &lt;option
              value=&quot;20:00&quot;
            &gt;
              20:00
            &lt;/option&gt;
            &lt;option
              value=&quot;20:30&quot;
            &gt;
              20:30
            &lt;/option&gt;
            &lt;option
              value=&quot;21:00&quot;
            &gt;
              21:00
            &lt;/option&gt;
            &lt;option
              value=&quot;21:30&quot;
            &gt;
              21:30
            &lt;/option&gt;
            &lt;option
              value=&quot;22:00&quot;
            &gt;
              22:00
            &lt;/option&gt;
          &lt;/select&gt;
        &lt;/label&gt;
        &lt;label
          class=&quot;flex flex-col&quot;
        &gt;
          &lt;span&gt;
            Number of persons:
          &lt;/span&gt;
          &lt;input
            class=&quot;border p-2 w-full mt-1&quot;
            max=&quot;12&quot;
            min=&quot;1&quot;
            name=&quot;people&quot;
            type=&quot;number&quot;
            value=&quot;1&quot;
          /&gt;
        &lt;/label&gt;
        &lt;button
          class=&quot;bg-primary-600 text-white p-2 rounded-md hover:bg-primary-700 transition&quot;
          type=&quot;submit&quot;
        &gt;
          Reserve
        &lt;/button&gt;
      &lt;/form&gt;
    &lt;/section&gt;
  &lt;/div&gt;
&lt;/body&gt;
    at Object.getElementError (C:\Users\Damaq\OneDrive\Desktop\ASD\le-restaurant\frontend\node_modules\@testing-library\dom\dist\config.js:37:19)
    at C:\Users\Damaq\OneDrive\Desktop\ASD\le-restaurant\frontend\node_modules\@testing-library\dom\dist\query-helpers.js:76:38
    at C:\Users\Damaq\OneDrive\Desktop\ASD\le-restaurant\frontend\node_modules\@testing-library\dom\dist\query-helpers.js:52:17
    at C:\Users\Damaq\OneDrive\Desktop\ASD\le-restaurant\frontend\node_modules\@testing-library\dom\dist\query-helpers.js:95:19
    at Object.&lt;anonymous&gt; (C:\Users\Damaq\OneDrive\Desktop\ASD\le-restaurant\frontend\src\__tests__\Reservation.test.tsx:16:29)
    at Promise.finally.completed (C:\Users\Damaq\OneDrive\Desktop\ASD\le-restaurant\frontend\node_modules\jest-circus\build\jestAdapterInit.js:1557:28)
    at new Promise (&lt;anonymous&gt;)
    at callAsyncCircusFn (C:\Users\Damaq\OneDrive\Desktop\ASD\le-restaurant\frontend\node_modules\jest-circus\build\jestAdapterInit.js:1497:10)
    at _callCircusTest (C:\Users\Damaq\OneDrive\Desktop\ASD\le-restaurant\frontend\node_modules\jest-circus\build\jestAdapterInit.js:1007:40)
    at _runTest (C:\Users\Damaq\OneDrive\Desktop\ASD\le-restaurant\frontend\node_modules\jest-circus\build\jestAdapterInit.js:947:3)
    at C:\Users\Damaq\OneDrive\Desktop\ASD\le-restaurant\frontend\node_modules\jest-circus\build\jestAdapterInit.js:849:7
    at _runTestsForDescribeBlock (C:\Users\Damaq\OneDrive\Desktop\ASD\le-restaurant\frontend\node_modules\jest-circus\build\jestAdapterInit.js:862:11)
    at _runTestsForDescribeBlock (C:\Users\Damaq\OneDrive\Desktop\ASD\le-restaurant\frontend\node_modules\jest-circus\build\jestAdapterInit.js:857:11)
    at run (C:\Users\Damaq\OneDrive\Desktop\ASD\le-restaurant\frontend\node_modules\jest-circus\build\jestAdapterInit.js:761:3)
    at runAndTransformResultsToJestFormat (C:\Users\Damaq\OneDrive\Desktop\ASD\le-restaurant\frontend\node_modules\jest-circus\build\jestAdapterInit.js:1918:21)
    at jestAdapter (C:\Users\Damaq\OneDrive\Desktop\ASD\le-restaurant\frontend\node_modules\jest-circus\build\runner.js:101:19)
    at runTestInternal (C:\Users\Damaq\OneDrive\Desktop\ASD\le-restaurant\frontend\node_modules\jest-runner\build\index.js:275:16)
    at runTest (C:\Users\Damaq\OneDrive\Desktop\ASD\le-restaurant\frontend\node_modules\jest-runner\build\index.js:343:7)</failure>
    </testcase>
    <testcase classname="Reservation Form accepts valid input" name="Reservation Form accepts valid input" time="0.065">
    </testcase>
    <testcase classname="Reservation Form shows error for time before 12:00" name="Reservation Form shows error for time before 12:00" time="0.056">
      <failure>TestingLibraryElementError: Unable to find an accessible element with the role &quot;form&quot;

Here are the accessible roles:

  heading:

  Name &quot;Reserve a Table&quot;:
  &lt;h1
    class=&quot;text-3xl font-bold text-center mb-6&quot;
  /&gt;

  --------------------------------------------------
  combobox:

  Name &quot;Time:&quot;:
  &lt;select
    class=&quot;border p-2 w-full mt-1&quot;
    name=&quot;time&quot;
  /&gt;

  --------------------------------------------------
  option:

  Name &quot;Select a time&quot;:
  &lt;option
    disabled=&quot;&quot;
    value=&quot;&quot;
  /&gt;

  Name &quot;12:00&quot;:
  &lt;option
    value=&quot;12:00&quot;
  /&gt;

  Name &quot;12:30&quot;:
  &lt;option
    value=&quot;12:30&quot;
  /&gt;

  Name &quot;13:00&quot;:
  &lt;option
    value=&quot;13:00&quot;
  /&gt;

  Name &quot;13:30&quot;:
  &lt;option
    value=&quot;13:30&quot;
  /&gt;

  Name &quot;14:00&quot;:
  &lt;option
    value=&quot;14:00&quot;
  /&gt;

  Name &quot;14:30&quot;:
  &lt;option
    value=&quot;14:30&quot;
  /&gt;

  Name &quot;15:00&quot;:
  &lt;option
    value=&quot;15:00&quot;
  /&gt;

  Name &quot;15:30&quot;:
  &lt;option
    value=&quot;15:30&quot;
  /&gt;

  Name &quot;16:00&quot;:
  &lt;option
    value=&quot;16:00&quot;
  /&gt;

  Name &quot;16:30&quot;:
  &lt;option
    value=&quot;16:30&quot;
  /&gt;

  Name &quot;17:00&quot;:
  &lt;option
    value=&quot;17:00&quot;
  /&gt;

  Name &quot;17:30&quot;:
  &lt;option
    value=&quot;17:30&quot;
  /&gt;

  Name &quot;18:00&quot;:
  &lt;option
    value=&quot;18:00&quot;
  /&gt;

  Name &quot;18:30&quot;:
  &lt;option
    value=&quot;18:30&quot;
  /&gt;

  Name &quot;19:00&quot;:
  &lt;option
    value=&quot;19:00&quot;
  /&gt;

  Name &quot;19:30&quot;:
  &lt;option
    value=&quot;19:30&quot;
  /&gt;

  Name &quot;20:00&quot;:
  &lt;option
    value=&quot;20:00&quot;
  /&gt;

  Name &quot;20:30&quot;:
  &lt;option
    value=&quot;20:30&quot;
  /&gt;

  Name &quot;21:00&quot;:
  &lt;option
    value=&quot;21:00&quot;
  /&gt;

  Name &quot;21:30&quot;:
  &lt;option
    value=&quot;21:30&quot;
  /&gt;

  Name &quot;22:00&quot;:
  &lt;option
    value=&quot;22:00&quot;
  /&gt;

  --------------------------------------------------
  spinbutton:

  Name &quot;Number of persons:&quot;:
  &lt;input
    class=&quot;border p-2 w-full mt-1&quot;
    max=&quot;12&quot;
    min=&quot;1&quot;
    name=&quot;people&quot;
    type=&quot;number&quot;
    value=&quot;1&quot;
  /&gt;

  --------------------------------------------------
  button:

  Name &quot;Reserve&quot;:
  &lt;button
    class=&quot;bg-primary-600 text-white p-2 rounded-md hover:bg-primary-700 transition&quot;
    type=&quot;submit&quot;
  /&gt;

  --------------------------------------------------

Ignored nodes: comments, script, style
&lt;body&gt;
  &lt;div&gt;
    &lt;section
      class=&quot;py-16 bg-gray-50 max-w-md mx-auto&quot;
    &gt;
      &lt;h1
        class=&quot;text-3xl font-bold text-center mb-6&quot;
      &gt;
        Reserve a Table
      &lt;/h1&gt;
      &lt;form
        class=&quot;flex flex-col gap-4&quot;
      &gt;
        &lt;label
          class=&quot;flex flex-col&quot;
        &gt;
          &lt;span&gt;
            Date:
          &lt;/span&gt;
          &lt;input
            class=&quot;border p-2 w-full mt-1&quot;
            min=&quot;2025-10-01&quot;
            name=&quot;date&quot;
            type=&quot;date&quot;
            value=&quot;2025-10-02&quot;
          /&gt;
        &lt;/label&gt;
        &lt;label
          class=&quot;flex flex-col&quot;
        &gt;
          &lt;span&gt;
            Time:
          &lt;/span&gt;
          &lt;select
            class=&quot;border p-2 w-full mt-1&quot;
            name=&quot;time&quot;
          &gt;
            &lt;option
              disabled=&quot;&quot;
              value=&quot;&quot;
            &gt;
              Select a time
            &lt;/option&gt;
            &lt;option
              value=&quot;12:00&quot;
            &gt;
              12:00
            &lt;/option&gt;
            &lt;option
              value=&quot;12:30&quot;
            &gt;
              12:30
            &lt;/option&gt;
            &lt;option
              value=&quot;13:00&quot;
            &gt;
              13:00
            &lt;/option&gt;
            &lt;option
              value=&quot;13:30&quot;
            &gt;
              13:30
            &lt;/option&gt;
            &lt;option
              value=&quot;14:00&quot;
            &gt;
              14:00
            &lt;/option&gt;
            &lt;option
              value=&quot;14:30&quot;
            &gt;
              14:30
            &lt;/option&gt;
            &lt;option
              value=&quot;15:00&quot;
            &gt;
              15:00
            &lt;/option&gt;
            &lt;option
              value=&quot;15:30&quot;
            &gt;
              15:30
            &lt;/option&gt;
            &lt;option
              value=&quot;16:00&quot;
            &gt;
              16:00
            &lt;/option&gt;
            &lt;option
              value=&quot;16:30&quot;
            &gt;
              16:30
            &lt;/option&gt;
            &lt;option
              value=&quot;17:00&quot;
            &gt;
              17:00
            &lt;/option&gt;
            &lt;option
              value=&quot;17:30&quot;
            &gt;
              17:30
            &lt;/option&gt;
            &lt;option
              value=&quot;18:00&quot;
            &gt;
              18:00
            &lt;/option&gt;
            &lt;option
              value=&quot;18:30&quot;
            &gt;
              18:30
            &lt;/option&gt;
            &lt;option
              value=&quot;19:00&quot;
            &gt;
              19:00
            &lt;/option&gt;
            &lt;option
              value=&quot;19:30&quot;
            &gt;
              19:30
            &lt;/option&gt;
            &lt;option
              value=&quot;20:00&quot;
            &gt;
              20:00
            &lt;/option&gt;
            &lt;option
              value=&quot;20:30&quot;
            &gt;
              20:30
            &lt;/option&gt;
            &lt;option
              value=&quot;21:00&quot;
            &gt;
              21:00
            &lt;/option&gt;
            &lt;option
              value=&quot;21:30&quot;
            &gt;
              21:30
            &lt;/option&gt;
            &lt;option
              value=&quot;22:00&quot;
            &gt;
              22:00
            &lt;/option&gt;
          &lt;/select&gt;
        &lt;/label&gt;
        &lt;label
          class=&quot;flex flex-col&quot;
        &gt;
          &lt;span&gt;
            Number of persons:
          &lt;/span&gt;
          &lt;input
            class=&quot;border p-2 w-full mt-1&quot;
            max=&quot;12&quot;
            min=&quot;1&quot;
            name=&quot;people&quot;
            type=&quot;number&quot;
            value=&quot;1&quot;
          /&gt;
        &lt;/label&gt;
        &lt;button
          class=&quot;bg-primary-600 text-white p-2 rounded-md hover:bg-primary-700 transition&quot;
          type=&quot;submit&quot;
        &gt;
          Reserve
        &lt;/button&gt;
      &lt;/form&gt;
    &lt;/section&gt;
  &lt;/div&gt;
&lt;/body&gt;
    at Object.getElementError (C:\Users\Damaq\OneDrive\Desktop\ASD\le-restaurant\frontend\node_modules\@testing-library\dom\dist\config.js:37:19)
    at C:\Users\Damaq\OneDrive\Desktop\ASD\le-restaurant\frontend\node_modules\@testing-library\dom\dist\query-helpers.js:76:38
    at C:\Users\Damaq\OneDrive\Desktop\ASD\le-restaurant\frontend\node_modules\@testing-library\dom\dist\query-helpers.js:52:17
    at C:\Users\Damaq\OneDrive\Desktop\ASD\le-restaurant\frontend\node_modules\@testing-library\dom\dist\query-helpers.js:95:19
    at Object.&lt;anonymous&gt; (C:\Users\Damaq\OneDrive\Desktop\ASD\le-restaurant\frontend\src\__tests__\Reservation.test.tsx:50:29)
    at Promise.finally.completed (C:\Users\Damaq\OneDrive\Desktop\ASD\le-restaurant\frontend\node_modules\jest-circus\build\jestAdapterInit.js:1557:28)
    at new Promise (&lt;anonymous&gt;)
    at callAsyncCircusFn (C:\Users\Damaq\OneDrive\Desktop\ASD\le-restaurant\frontend\node_modules\jest-circus\build\jestAdapterInit.js:1497:10)
    at _callCircusTest (C:\Users\Damaq\OneDrive\Desktop\ASD\le-restaurant\frontend\node_modules\jest-circus\build\jestAdapterInit.js:1007:40)
    at _runTest (C:\Users\Damaq\OneDrive\Desktop\ASD\le-restaurant\frontend\node_modules\jest-circus\build\jestAdapterInit.js:947:3)
    at C:\Users\Damaq\OneDrive\Desktop\ASD\le-restaurant\frontend\node_modules\jest-circus\build\jestAdapterInit.js:849:7
    at _runTestsForDescribeBlock (C:\Users\Damaq\OneDrive\Desktop\ASD\le-restaurant\frontend\node_modules\jest-circus\build\jestAdapterInit.js:862:11)
    at _runTestsForDescribeBlock (C:\Users\Damaq\OneDrive\Desktop\ASD\le-restaurant\frontend\node_modules\jest-circus\build\jestAdapterInit.js:857:11)
    at run (C:\Users\Damaq\OneDrive\Desktop\ASD\le-restaurant\frontend\node_modules\jest-circus\build\jestAdapterInit.js:761:3)
    at runAndTransformResultsToJestFormat (C:\Users\Damaq\OneDrive\Desktop\ASD\le-restaurant\frontend\node_modules\jest-circus\build\jestAdapterInit.js:1918:21)
    at jestAdapter (C:\Users\Damaq\OneDrive\Desktop\ASD\le-restaurant\frontend\node_modules\jest-circus\build\runner.js:101:19)
    at runTestInternal (C:\Users\Damaq\OneDrive\Desktop\ASD\le-restaurant\frontend\node_modules\jest-runner\build\index.js:275:16)
    at runTest (C:\Users\Damaq\OneDrive\Desktop\ASD\le-restaurant\frontend\node_modules\jest-runner\build\index.js:343:7)</failure>
    </testcase>
    <testcase classname="Reservation Form shows error for too many people" name="Reservation Form shows error for too many people" time="0.052">
      <failure>TestingLibraryElementError: Unable to find an accessible element with the role &quot;form&quot;

Here are the accessible roles:

  heading:

  Name &quot;Reserve a Table&quot;:
  &lt;h1
    class=&quot;text-3xl font-bold text-center mb-6&quot;
  /&gt;

  --------------------------------------------------
  combobox:

  Name &quot;Time:&quot;:
  &lt;select
    class=&quot;border p-2 w-full mt-1&quot;
    name=&quot;time&quot;
  /&gt;

  --------------------------------------------------
  option:

  Name &quot;Select a time&quot;:
  &lt;option
    disabled=&quot;&quot;
    value=&quot;&quot;
  /&gt;

  Name &quot;12:00&quot;:
  &lt;option
    value=&quot;12:00&quot;
  /&gt;

  Name &quot;12:30&quot;:
  &lt;option
    value=&quot;12:30&quot;
  /&gt;

  Name &quot;13:00&quot;:
  &lt;option
    value=&quot;13:00&quot;
  /&gt;

  Name &quot;13:30&quot;:
  &lt;option
    value=&quot;13:30&quot;
  /&gt;

  Name &quot;14:00&quot;:
  &lt;option
    value=&quot;14:00&quot;
  /&gt;

  Name &quot;14:30&quot;:
  &lt;option
    value=&quot;14:30&quot;
  /&gt;

  Name &quot;15:00&quot;:
  &lt;option
    value=&quot;15:00&quot;
  /&gt;

  Name &quot;15:30&quot;:
  &lt;option
    value=&quot;15:30&quot;
  /&gt;

  Name &quot;16:00&quot;:
  &lt;option
    value=&quot;16:00&quot;
  /&gt;

  Name &quot;16:30&quot;:
  &lt;option
    value=&quot;16:30&quot;
  /&gt;

  Name &quot;17:00&quot;:
  &lt;option
    value=&quot;17:00&quot;
  /&gt;

  Name &quot;17:30&quot;:
  &lt;option
    value=&quot;17:30&quot;
  /&gt;

  Name &quot;18:00&quot;:
  &lt;option
    value=&quot;18:00&quot;
  /&gt;

  Name &quot;18:30&quot;:
  &lt;option
    value=&quot;18:30&quot;
  /&gt;

  Name &quot;19:00&quot;:
  &lt;option
    value=&quot;19:00&quot;
  /&gt;

  Name &quot;19:30&quot;:
  &lt;option
    value=&quot;19:30&quot;
  /&gt;

  Name &quot;20:00&quot;:
  &lt;option
    value=&quot;20:00&quot;
  /&gt;

  Name &quot;20:30&quot;:
  &lt;option
    value=&quot;20:30&quot;
  /&gt;

  Name &quot;21:00&quot;:
  &lt;option
    value=&quot;21:00&quot;
  /&gt;

  Name &quot;21:30&quot;:
  &lt;option
    value=&quot;21:30&quot;
  /&gt;

  Name &quot;22:00&quot;:
  &lt;option
    value=&quot;22:00&quot;
  /&gt;

  --------------------------------------------------
  spinbutton:

  Name &quot;Number of persons:&quot;:
  &lt;input
    class=&quot;border p-2 w-full mt-1&quot;
    max=&quot;12&quot;
    min=&quot;1&quot;
    name=&quot;people&quot;
    type=&quot;number&quot;
    value=&quot;20&quot;
  /&gt;

  --------------------------------------------------
  button:

  Name &quot;Reserve&quot;:
  &lt;button
    class=&quot;bg-primary-600 text-white p-2 rounded-md hover:bg-primary-700 transition&quot;
    type=&quot;submit&quot;
  /&gt;

  --------------------------------------------------

Ignored nodes: comments, script, style
&lt;body&gt;
  &lt;div&gt;
    &lt;section
      class=&quot;py-16 bg-gray-50 max-w-md mx-auto&quot;
    &gt;
      &lt;h1
        class=&quot;text-3xl font-bold text-center mb-6&quot;
      &gt;
        Reserve a Table
      &lt;/h1&gt;
      &lt;form
        class=&quot;flex flex-col gap-4&quot;
      &gt;
        &lt;label
          class=&quot;flex flex-col&quot;
        &gt;
          &lt;span&gt;
            Date:
          &lt;/span&gt;
          &lt;input
            class=&quot;border p-2 w-full mt-1&quot;
            min=&quot;2025-10-01&quot;
            name=&quot;date&quot;
            type=&quot;date&quot;
            value=&quot;2025-10-02&quot;
          /&gt;
        &lt;/label&gt;
        &lt;label
          class=&quot;flex flex-col&quot;
        &gt;
          &lt;span&gt;
            Time:
          &lt;/span&gt;
          &lt;select
            class=&quot;border p-2 w-full mt-1&quot;
            name=&quot;time&quot;
          &gt;
            &lt;option
              disabled=&quot;&quot;
              value=&quot;&quot;
            &gt;
              Select a time
            &lt;/option&gt;
            &lt;option
              value=&quot;12:00&quot;
            &gt;
              12:00
            &lt;/option&gt;
            &lt;option
              value=&quot;12:30&quot;
            &gt;
              12:30
            &lt;/option&gt;
            &lt;option
              value=&quot;13:00&quot;
            &gt;
              13:00
            &lt;/option&gt;
            &lt;option
              value=&quot;13:30&quot;
            &gt;
              13:30
            &lt;/option&gt;
            &lt;option
              value=&quot;14:00&quot;
            &gt;
              14:00
            &lt;/option&gt;
            &lt;option
              value=&quot;14:30&quot;
            &gt;
              14:30
            &lt;/option&gt;
            &lt;option
              value=&quot;15:00&quot;
            &gt;
              15:00
            &lt;/option&gt;
            &lt;option
              value=&quot;15:30&quot;
            &gt;
              15:30
            &lt;/option&gt;
            &lt;option
              value=&quot;16:00&quot;
            &gt;
              16:00
            &lt;/option&gt;
            &lt;option
              value=&quot;16:30&quot;
            &gt;
              16:30
            &lt;/option&gt;
            &lt;option
              value=&quot;17:00&quot;
            &gt;
              17:00
            &lt;/option&gt;
            &lt;option
              value=&quot;17:30&quot;
            &gt;
              17:30
            &lt;/option&gt;
            &lt;option
              value=&quot;18:00&quot;
            &gt;
              18:00
            &lt;/option&gt;
            &lt;option
              value=&quot;18:30&quot;
            &gt;
              18:30
            &lt;/option&gt;
            &lt;option
              value=&quot;19:00&quot;
            &gt;
              19:00
            &lt;/option&gt;
            &lt;option
              value=&quot;19:30&quot;
            &gt;
              19:30
            &lt;/option&gt;
            &lt;option
              value=&quot;20:00&quot;
            &gt;
              20:00
            &lt;/option&gt;
            &lt;option
              value=&quot;20:30&quot;
            &gt;
              20:30
            &lt;/option&gt;
            &lt;option
              value=&quot;21:00&quot;
            &gt;
              21:00
            &lt;/option&gt;
            &lt;option
              value=&quot;21:30&quot;
            &gt;
              21:30
            &lt;/option&gt;
            &lt;option
              value=&quot;22:00&quot;
            &gt;
              22:00
            &lt;/option&gt;
          &lt;/select&gt;
        &lt;/label&gt;
        &lt;label
          class=&quot;flex flex-col&quot;
        &gt;
          &lt;span&gt;
            Number of persons:
          &lt;/span&gt;
          &lt;input
            class=&quot;border p-2 w-full mt-1&quot;
            max=&quot;12&quot;
            min=&quot;1&quot;
            name=&quot;people&quot;
            type=&quot;number&quot;
            value=&quot;20&quot;
          /&gt;
        &lt;/label&gt;
        &lt;button
          class=&quot;bg-primary-600 text-white p-2 rounded-md hover:bg-primary-700 transition&quot;
          type=&quot;submit&quot;
        &gt;
          Reserve
        &lt;/button&gt;
      &lt;/form&gt;
    &lt;/section&gt;
  &lt;/div&gt;
&lt;/body&gt;
    at Object.getElementError (C:\Users\Damaq\OneDrive\Desktop\ASD\le-restaurant\frontend\node_modules\@testing-library\dom\dist\config.js:37:19)
    at C:\Users\Damaq\OneDrive\Desktop\ASD\le-restaurant\frontend\node_modules\@testing-library\dom\dist\query-helpers.js:76:38
    at C:\Users\Damaq\OneDrive\Desktop\ASD\le-restaurant\frontend\node_modules\@testing-library\dom\dist\query-helpers.js:52:17
    at C:\Users\Damaq\OneDrive\Desktop\ASD\le-restaurant\frontend\node_modules\@testing-library\dom\dist\query-helpers.js:95:19
    at Object.&lt;anonymous&gt; (C:\Users\Damaq\OneDrive\Desktop\ASD\le-restaurant\frontend\src\__tests__\Reservation.test.tsx:68:29)
    at Promise.finally.completed (C:\Users\Damaq\OneDrive\Desktop\ASD\le-restaurant\frontend\node_modules\jest-circus\build\jestAdapterInit.js:1557:28)
    at new Promise (&lt;anonymous&gt;)
    at callAsyncCircusFn (C:\Users\Damaq\OneDrive\Desktop\ASD\le-restaurant\frontend\node_modules\jest-circus\build\jestAdapterInit.js:1497:10)
    at _callCircusTest (C:\Users\Damaq\OneDrive\Desktop\ASD\le-restaurant\frontend\node_modules\jest-circus\build\jestAdapterInit.js:1007:40)
    at _runTest (C:\Users\Damaq\OneDrive\Desktop\ASD\le-restaurant\frontend\node_modules\jest-circus\build\jestAdapterInit.js:947:3)
    at C:\Users\Damaq\OneDrive\Desktop\ASD\le-restaurant\frontend\node_modules\jest-circus\build\jestAdapterInit.js:849:7
    at _runTestsForDescribeBlock (C:\Users\Damaq\OneDrive\Desktop\ASD\le-restaurant\frontend\node_modules\jest-circus\build\jestAdapterInit.js:862:11)
    at _runTestsForDescribeBlock (C:\Users\Damaq\OneDrive\Desktop\ASD\le-restaurant\frontend\node_modules\jest-circus\build\jestAdapterInit.js:857:11)
    at run (C:\Users\Damaq\OneDrive\Desktop\ASD\le-restaurant\frontend\node_modules\jest-circus\build\jestAdapterInit.js:761:3)
    at runAndTransformResultsToJestFormat (C:\Users\Damaq\OneDrive\Desktop\ASD\le-restaurant\frontend\node_modules\jest-circus\build\jestAdapterInit.js:1918:21)
    at jestAdapter (C:\Users\Damaq\OneDrive\Desktop\ASD\le-restaurant\frontend\node_modules\jest-circus\build\runner.js:101:19)
    at runTestInternal (C:\Users\Damaq\OneDrive\Desktop\ASD\le-restaurant\frontend\node_modules\jest-runner\build\index.js:275:16)
    at runTest (C:\Users\Damaq\OneDrive\Desktop\ASD\le-restaurant\frontend\node_modules\jest-runner\build\index.js:343:7)</failure>
    </testcase>
    <testcase classname="Reservation Form shows error for too few people" name="Reservation Form shows error for too few people" time="0.048">
      <failure>TestingLibraryElementError: Unable to find an accessible element with the role &quot;form&quot;

Here are the accessible roles:

  heading:

  Name &quot;Reserve a Table&quot;:
  &lt;h1
    class=&quot;text-3xl font-bold text-center mb-6&quot;
  /&gt;

  --------------------------------------------------
  combobox:

  Name &quot;Time:&quot;:
  &lt;select
    class=&quot;border p-2 w-full mt-1&quot;
    name=&quot;time&quot;
  /&gt;

  --------------------------------------------------
  option:

  Name &quot;Select a time&quot;:
  &lt;option
    disabled=&quot;&quot;
    value=&quot;&quot;
  /&gt;

  Name &quot;12:00&quot;:
  &lt;option
    value=&quot;12:00&quot;
  /&gt;

  Name &quot;12:30&quot;:
  &lt;option
    value=&quot;12:30&quot;
  /&gt;

  Name &quot;13:00&quot;:
  &lt;option
    value=&quot;13:00&quot;
  /&gt;

  Name &quot;13:30&quot;:
  &lt;option
    value=&quot;13:30&quot;
  /&gt;

  Name &quot;14:00&quot;:
  &lt;option
    value=&quot;14:00&quot;
  /&gt;

  Name &quot;14:30&quot;:
  &lt;option
    value=&quot;14:30&quot;
  /&gt;

  Name &quot;15:00&quot;:
  &lt;option
    value=&quot;15:00&quot;
  /&gt;

  Name &quot;15:30&quot;:
  &lt;option
    value=&quot;15:30&quot;
  /&gt;

  Name &quot;16:00&quot;:
  &lt;option
    value=&quot;16:00&quot;
  /&gt;

  Name &quot;16:30&quot;:
  &lt;option
    value=&quot;16:30&quot;
  /&gt;

  Name &quot;17:00&quot;:
  &lt;option
    value=&quot;17:00&quot;
  /&gt;

  Name &quot;17:30&quot;:
  &lt;option
    value=&quot;17:30&quot;
  /&gt;

  Name &quot;18:00&quot;:
  &lt;option
    value=&quot;18:00&quot;
  /&gt;

  Name &quot;18:30&quot;:
  &lt;option
    value=&quot;18:30&quot;
  /&gt;

  Name &quot;19:00&quot;:
  &lt;option
    value=&quot;19:00&quot;
  /&gt;

  Name &quot;19:30&quot;:
  &lt;option
    value=&quot;19:30&quot;
  /&gt;

  Name &quot;20:00&quot;:
  &lt;option
    value=&quot;20:00&quot;
  /&gt;

  Name &quot;20:30&quot;:
  &lt;option
    value=&quot;20:30&quot;
  /&gt;

  Name &quot;21:00&quot;:
  &lt;option
    value=&quot;21:00&quot;
  /&gt;

  Name &quot;21:30&quot;:
  &lt;option
    value=&quot;21:30&quot;
  /&gt;

  Name &quot;22:00&quot;:
  &lt;option
    value=&quot;22:00&quot;
  /&gt;

  --------------------------------------------------
  spinbutton:

  Name &quot;Number of persons:&quot;:
  &lt;input
    class=&quot;border p-2 w-full mt-1&quot;
    max=&quot;12&quot;
    min=&quot;1&quot;
    name=&quot;people&quot;
    type=&quot;number&quot;
    value=&quot;0&quot;
  /&gt;

  --------------------------------------------------
  button:

  Name &quot;Reserve&quot;:
  &lt;button
    class=&quot;bg-primary-600 text-white p-2 rounded-md hover:bg-primary-700 transition&quot;
    type=&quot;submit&quot;
  /&gt;

  --------------------------------------------------

Ignored nodes: comments, script, style
&lt;body&gt;
  &lt;div&gt;
    &lt;section
      class=&quot;py-16 bg-gray-50 max-w-md mx-auto&quot;
    &gt;
      &lt;h1
        class=&quot;text-3xl font-bold text-center mb-6&quot;
      &gt;
        Reserve a Table
      &lt;/h1&gt;
      &lt;form
        class=&quot;flex flex-col gap-4&quot;
      &gt;
        &lt;label
          class=&quot;flex flex-col&quot;
        &gt;
          &lt;span&gt;
            Date:
          &lt;/span&gt;
          &lt;input
            class=&quot;border p-2 w-full mt-1&quot;
            min=&quot;2025-10-01&quot;
            name=&quot;date&quot;
            type=&quot;date&quot;
            value=&quot;2025-10-02&quot;
          /&gt;
        &lt;/label&gt;
        &lt;label
          class=&quot;flex flex-col&quot;
        &gt;
          &lt;span&gt;
            Time:
          &lt;/span&gt;
          &lt;select
            class=&quot;border p-2 w-full mt-1&quot;
            name=&quot;time&quot;
          &gt;
            &lt;option
              disabled=&quot;&quot;
              value=&quot;&quot;
            &gt;
              Select a time
            &lt;/option&gt;
            &lt;option
              value=&quot;12:00&quot;
            &gt;
              12:00
            &lt;/option&gt;
            &lt;option
              value=&quot;12:30&quot;
            &gt;
              12:30
            &lt;/option&gt;
            &lt;option
              value=&quot;13:00&quot;
            &gt;
              13:00
            &lt;/option&gt;
            &lt;option
              value=&quot;13:30&quot;
            &gt;
              13:30
            &lt;/option&gt;
            &lt;option
              value=&quot;14:00&quot;
            &gt;
              14:00
            &lt;/option&gt;
            &lt;option
              value=&quot;14:30&quot;
            &gt;
              14:30
            &lt;/option&gt;
            &lt;option
              value=&quot;15:00&quot;
            &gt;
              15:00
            &lt;/option&gt;
            &lt;option
              value=&quot;15:30&quot;
            &gt;
              15:30
            &lt;/option&gt;
            &lt;option
              value=&quot;16:00&quot;
            &gt;
              16:00
            &lt;/option&gt;
            &lt;option
              value=&quot;16:30&quot;
            &gt;
              16:30
            &lt;/option&gt;
            &lt;option
              value=&quot;17:00&quot;
            &gt;
              17:00
            &lt;/option&gt;
            &lt;option
              value=&quot;17:30&quot;
            &gt;
              17:30
            &lt;/option&gt;
            &lt;option
              value=&quot;18:00&quot;
            &gt;
              18:00
            &lt;/option&gt;
            &lt;option
              value=&quot;18:30&quot;
            &gt;
              18:30
            &lt;/option&gt;
            &lt;option
              value=&quot;19:00&quot;
            &gt;
              19:00
            &lt;/option&gt;
            &lt;option
              value=&quot;19:30&quot;
            &gt;
              19:30
            &lt;/option&gt;
            &lt;option
              value=&quot;20:00&quot;
            &gt;
              20:00
            &lt;/option&gt;
            &lt;option
              value=&quot;20:30&quot;
            &gt;
              20:30
            &lt;/option&gt;
            &lt;option
              value=&quot;21:00&quot;
            &gt;
              21:00
            &lt;/option&gt;
            &lt;option
              value=&quot;21:30&quot;
            &gt;
              21:30
            &lt;/option&gt;
            &lt;option
              value=&quot;22:00&quot;
            &gt;
              22:00
            &lt;/option&gt;
          &lt;/select&gt;
        &lt;/label&gt;
        &lt;label
          class=&quot;flex flex-col&quot;
        &gt;
          &lt;span&gt;
            Number of persons:
          &lt;/span&gt;
          &lt;input
            class=&quot;border p-2 w-full mt-1&quot;
            max=&quot;12&quot;
            min=&quot;1&quot;
            name=&quot;people&quot;
            type=&quot;number&quot;
            value=&quot;0&quot;
          /&gt;
        &lt;/label&gt;
        &lt;button
          class=&quot;bg-primary-600 text-white p-2 rounded-md hover:bg-primary-700 transition&quot;
          type=&quot;submit&quot;
        &gt;
          Reserve
        &lt;/button&gt;
      &lt;/form&gt;
    &lt;/section&gt;
  &lt;/div&gt;
&lt;/body&gt;
    at Object.getElementError (C:\Users\Damaq\OneDrive\Desktop\ASD\le-restaurant\frontend\node_modules\@testing-library\dom\dist\config.js:37:19)
    at C:\Users\Damaq\OneDrive\Desktop\ASD\le-restaurant\frontend\node_modules\@testing-library\dom\dist\query-helpers.js:76:38
    at C:\Users\Damaq\OneDrive\Desktop\ASD\le-restaurant\frontend\node_modules\@testing-library\dom\dist\query-helpers.js:52:17
    at C:\Users\Damaq\OneDrive\Desktop\ASD\le-restaurant\frontend\node_modules\@testing-library\dom\dist\query-helpers.js:95:19
    at Object.&lt;anonymous&gt; (C:\Users\Damaq\OneDrive\Desktop\ASD\le-restaurant\frontend\src\__tests__\Reservation.test.tsx:86:29)
    at Promise.finally.completed (C:\Users\Damaq\OneDrive\Desktop\ASD\le-restaurant\frontend\node_modules\jest-circus\build\jestAdapterInit.js:1557:28)
    at new Promise (&lt;anonymous&gt;)
    at callAsyncCircusFn (C:\Users\Damaq\OneDrive\Desktop\ASD\le-restaurant\frontend\node_modules\jest-circus\build\jestAdapterInit.js:1497:10)
    at _callCircusTest (C:\Users\Damaq\OneDrive\Desktop\ASD\le-restaurant\frontend\node_modules\jest-circus\build\jestAdapterInit.js:1007:40)
    at _runTest (C:\Users\Damaq\OneDrive\Desktop\ASD\le-restaurant\frontend\node_modules\jest-circus\build\jestAdapterInit.js:947:3)
    at C:\Users\Damaq\OneDrive\Desktop\ASD\le-restaurant\frontend\node_modules\jest-circus\build\jestAdapterInit.js:849:7
    at _runTestsForDescribeBlock (C:\Users\Damaq\OneDrive\Desktop\ASD\le-restaurant\frontend\node_modules\jest-circus\build\jestAdapterInit.js:862:11)
    at _runTestsForDescribeBlock (C:\Users\Damaq\OneDrive\Desktop\ASD\le-restaurant\frontend\node_modules\jest-circus\build\jestAdapterInit.js:857:11)
    at run (C:\Users\Damaq\OneDrive\Desktop\ASD\le-restaurant\frontend\node_modules\jest-circus\build\jestAdapterInit.js:761:3)
    at runAndTransformResultsToJestFormat (C:\Users\Damaq\OneDrive\Desktop\ASD\le-restaurant\frontend\node_modules\jest-circus\build\jestAdapterInit.js:1918:21)
    at jestAdapter (C:\Users\Damaq\OneDrive\Desktop\ASD\le-restaurant\frontend\node_modules\jest-circus\build\runner.js:101:19)
    at runTestInternal (C:\Users\Damaq\OneDrive\Desktop\ASD\le-restaurant\frontend\node_modules\jest-runner\build\index.js:275:16)
    at runTest (C:\Users\Damaq\OneDrive\Desktop\ASD\le-restaurant\frontend\node_modules\jest-runner\build\index.js:343:7)</failure>
    </testcase>
    <testcase classname="Reservation Form disables past dates in date input" name="Reservation Form disables past dates in date input" time="0.007">
    </testcase>
  </testsuite>
</testsuites>